
> portfolio-website@0.1.0 build
> next build

   Γû▓ Next.js 15.4.2
   - Experiments (use with caution):
     Γ£ô optimizeCss
     ┬╖ optimizePackageImports

   Creating an optimized production build ...
 Γ£ô Compiled successfully in 1000ms
   Linting and checking validity of types ...
node.exe : 
Failed to 
compile.
At C:\Program Fi
les\nodejs\npm.p
s1:29 char:3
+   & $NODE_EXE 
$NPM_CLI_JS 
$args
+   ~~~~~~~~~~~~
~~~~~~~~~~~~~~~~
~
    + CategoryI 
   nfo          
    : NotSpec   
 ified: (Fai    
led to comp    
ile.:String    
) [], Remot    
eException
    + FullyQual 
   ifiedErrorI  
  d : NativeC   
 ommandError
 

./src/app/layout
.tsx:3:1
Type error: 'Str
ucturedData' is 
declared but 
its value is 
never read.

[0m [90m 1 
|[39m [36mimpo
rt[39m type { 
[33mMetadata[39
m } 
[36mfrom[39m 
[32m"next"[39m
[33m;[39m
 [90m 2 |[39m 
[36mimport[39m
 [32m"./globals
.css"[39m[33m;
[39m
[31m[1m>[22m
[39m[90m 3 
|[39m [36mimpo
rt[39m [33mStr
ucturedData[39m
 [36mfrom[39m 
[32m"../compone
nts/StructuredDa
ta"[39m[33m;[
39m
 [90m   |[39m 
[31m[1m^[22m
[39m
 [90m 4 |[39m
 [90m 5 |[39m 
[36mexport[39m
 
[36mconst[39m 
metadata[33m:[
39m [33mMetadat
a[39m 
[33m=[39m {
 [90m 6 |[39m 
  title[33m:[3
9m 
[32m"Muhammed 
Basil | AI & ML 
Developer Portfo
lio"[39m[33m,
[39m[0m
Next.js build 
worker exited 
with code: 1 
and signal: null
