
> portfolio-website@0.1.0 build
> next build

   Γû▓ Next.js 15.4.2
   - Experiments (use with caution):
     Γ£ô optimizeCss
     ┬╖ optimizePackageImports

   Creating an optimized production build ...
node.exe : <w> [
webpack.cache.Pa
ckFileCacheStrat
egy] Skipped 
not 
serializable 
cache item 'Comp
ilation/modules|
D:\protfolio web
site\node_module
s\next\dist\buil
d\webpack\loader
s\css-loader\src
\index.js??ruleS
et[1].rules[13].
oneOf[10].use[2]
!D:\protfolio we
bsite\node_modul
es\next\dist\bui
ld\webpack\loade
rs\postcss-loade
r\src\index.js??
ruleSet[1].rules
[13].oneOf[10].u
se[3]!D:\protfol
io website\src\a
pp\globals.css':
 No serializer 
registered for P
ostCSSSyntaxErro
r
At C:\Program Fi
les\nodejs\npm.p
s1:29 char:3
+   & $NODE_EXE 
$NPM_CLI_JS 
$args
+   ~~~~~~~~~~~~
~~~~~~~~~~~~~~~~
~
    + CategoryI 
   nfo          
    : NotSpec   
 ified: (<w>    
 [webpack.c    
a...tCSSSyn    
taxError:St    
ring) [], R    
emoteExcept    
ion
    + FullyQual 
   ifiedErrorI  
  d : NativeC   
 ommandError
 
<w> while 
serializing webp
ack/lib/cache/Pa
ckFileCacheStrat
egy.PackContentI
tems -> webpack/
lib/NormalModule
 -> webpack/lib/
ModuleBuildError
 -> PostCSSSynta
xError
Failed to 
compile.

./src/app/global
s.css:4:1
Syntax error: 
D:\protfolio web
site\src\app\glo
bals.css The 
`border-border` 
class does not 
exist. If 
`border-border` 
is a custom 
class, make 
sure it is 
defined within 
a `@layer` 
directive.

 [90m 2 | [39m
[36m@import[39
m [36murl[39m
[36m([39m[32m'
https://fonts.go
ogleapis.com/css
2?family=Inter:w
ght@300;400;500;
600;700;800;900&
family=Orbitron:
wght@400;700;900
&family=Rajdhani
:wght@300;400;50
0;600;700&displa
y=swap'[39m[36
m)[39m[33m;[3
9m
 [90m 3 | [39m
[1m[31m>[39m
[22m[90m 4 | [
39m[36m@tailwin
d[39m 
base[33m;[39m
 [90m   | [39m
[1m[31m^[39m
[22m
 [90m 5 | [39m
[36m@tailwind[
39m components[
33m;[39m
 [90m 6 | [39m
[36m@tailwind[
39m utilities[3
3m;[39m

./src/app/global
s.css
Syntax error: 
D:\protfolio web
site\src\app\glo
bals.css The 
`border-border` 
class does not 
exist. If 
`border-border` 
is a custom 
class, make 
sure it is 
defined within 
a `@layer` 
directive. (4:1)

 [90m 2 | [39m
[36m@import[39
m [36murl[39m
[36m([39m[32m'
https://fonts.go
ogleapis.com/css
2?family=Inter:w
ght@300;400;500;
600;700;800;900&
family=Orbitron:
wght@400;700;900
&family=Rajdhani
:wght@300;400;50
0;600;700&displa
y=swap'[39m[36
m)[39m[33m;[3
9m
 [90m 3 | [39m
[1m[31m>[39m
[22m[90m 4 | [
39m[36m@tailwin
d[39m 
base[33m;[39m
 [90m   | [39m
[1m[31m^[39m
[22m
 [90m 5 | [39m
[36m@tailwind[
39m components[
33m;[39m
 [90m 6 | [39m
[36m@tailwind[
39m utilities[3
3m;[39m

    at tryRunOrW
ebpackError 
(D:\protfolio we
bsite\node_modul
es\next\dist\com
piled\webpack\bu
ndle5.js:29:3161
19)
    at __webpack
_require_module_
_ (D:\protfolio 
website\node_mod
ules\next\dist\c
ompiled\webpack\
bundle5.js:29:13
1532)
    at __nested_
webpack_require_
161494__ 
(D:\protfolio we
bsite\node_modul
es\next\dist\com
piled\webpack\bu
ndle5.js:29:1309
67)
    at 
D:\protfolio web
site\node_module
s\next\dist\comp
iled\webpack\bun
dle5.js:29:13182
4
    at 
symbolIterator 
(D:\protfolio we
bsite\node_modul
es\next\dist\com
piled\neo-async\
async.js:1:14444
)
    at done 
(D:\protfolio we
bsite\node_modul
es\next\dist\com
piled\neo-async\
async.js:1:14824
)
    at 
Hook.eval [as 
callAsync] 
(eval at create 
(D:\protfolio we
bsite\node_modul
es\next\dist\com
piled\webpack\bu
ndle5.js:14:9224
), <anonymous>:1
5:1)
    at Hook.CALL
_ASYNC_DELEGATE 
[as _callAsync] 
(D:\protfolio we
bsite\node_modul
es\next\dist\com
piled\webpack\bu
ndle5.js:14:6378
)
    at 
D:\protfolio web
site\node_module
s\next\dist\comp
iled\webpack\bun
dle5.js:29:13068
7
    at 
symbolIterator 
(D:\protfolio we
bsite\node_modul
es\next\dist\com
piled\neo-async\
async.js:1:14402
)
-- inner error 
--
Syntax error: 
D:\protfolio web
site\src\app\glo
bals.css The 
`border-border` 
class does not 
exist. If 
`border-border` 
is a custom 
class, make 
sure it is 
defined within 
a `@layer` 
directive. (4:1)

 [90m 2 | [39m
[36m@import[39
m [36murl[39m
[36m([39m[32m'
https://fonts.go
ogleapis.com/css
2?family=Inter:w
ght@300;400;500;
600;700;800;900&
family=Orbitron:
wght@400;700;900
&family=Rajdhani
:wght@300;400;50
0;600;700&displa
y=swap'[39m[36
m)[39m[33m;[3
9m
 [90m 3 | [39m
[1m[31m>[39m
[22m[90m 4 | [
39m[36m@tailwin
d[39m 
base[33m;[39m
 [90m   | [39m
[1m[31m^[39m
[22m
 [90m 5 | [39m
[36m@tailwind[
39m components[
33m;[39m
 [90m 6 | [39m
[36m@tailwind[
39m utilities[3
3m;[39m

    at Object.<a
nonymous> 
(D:\protfolio we
bsite\node_modul
es\next\dist\bui
ld\webpack\loade
rs\css-loader\sr
c\index.js??rule
Set[1].rules[13]
.oneOf[10].use[2
]!D:\protfolio w
ebsite\node_modu
les\next\dist\bu
ild\webpack\load
ers\postcss-load
er\src\index.js?
?ruleSet[1].rule
s[13].oneOf[10].
use[3]!D:\protfo
lio website\src\
app\globals.css:
1:7)
    at 
D:\protfolio web
site\node_module
s\next\dist\comp
iled\webpack\bun
dle5.js:29:96271
7
    at 
Hook.eval [as 
call] (eval at 
create 
(D:\protfolio we
bsite\node_modul
es\next\dist\com
piled\webpack\bu
ndle5.js:14:9002
), 
<anonymous>:7:1)
    at Hook.CALL
_DELEGATE [as 
_call] 
(D:\protfolio we
bsite\node_modul
es\next\dist\com
piled\webpack\bu
ndle5.js:14:6272
)
    at 
D:\protfolio web
site\node_module
s\next\dist\comp
iled\webpack\bun
dle5.js:29:13156
5
    at tryRunOrW
ebpackError 
(D:\protfolio we
bsite\node_modul
es\next\dist\com
piled\webpack\bu
ndle5.js:29:3160
73)
    at __webpack
_require_module_
_ (D:\protfolio 
website\node_mod
ules\next\dist\c
ompiled\webpack\
bundle5.js:29:13
1532)
    at __nested_
webpack_require_
161494__ 
(D:\protfolio we
bsite\node_modul
es\next\dist\com
piled\webpack\bu
ndle5.js:29:1309
67)
    at 
D:\protfolio web
site\node_module
s\next\dist\comp
iled\webpack\bun
dle5.js:29:13182
4
    at 
symbolIterator 
(D:\protfolio we
bsite\node_modul
es\next\dist\com
piled\neo-async\
async.js:1:14444
)

Generated code 
for 
D:\protfolio web
site\node_module
s\next\dist\buil
d\webpack\loader
s\css-loader\src
\index.js??ruleS
et[1].rules[13].
oneOf[10].use[2]
!D:\protfolio we
bsite\node_modul
es\next\dist\bui
ld\webpack\loade
rs\postcss-loade
r\src\index.js??
ruleSet[1].rules
[13].oneOf[10].u
se[3]!D:\protfol
io website\src\a
pp\globals.css

Import trace 
for requested 
module:
./src/app/global
s.css


> Build failed 
because of 
webpack errors
